thread library error: the thread id is invalid (it needs to be  between 0 to 99)
thread library error: the thread id is invalid (it needs to be  between 0 to 99)
thread library error: the thread id is invalid (it needs to be  between 0 to 99)
thread library error: the thread id is invalid (it needs to be  between 0 to 99)
thread library error: the thread id's cell is empty in the threadsArr
thread library error: the thread id's cell is empty in the threadsArr
thread library error: the thread id's cell is empty in the threadsArr
thread library error: the thread id's cell is empty in the threadsArr
thread library error: it's illegal to block the main thread
thread library error: the thread id's cell is empty in the threadsArr
thread library error: the thread id's cell is empty in the threadsArr
thread library error: the thread id's cell is empty in the threadsArr
thread library error: the thread id's cell is empty in the threadsArr
thread library error: quantum_usecs must be positive
thread library error: quantum_usecs must be positive
