4 + 
3 + 
3 + 
3
 = 13
7 + 
6 + 
3 + 
6
 = 22
9 + 
8 + 
5 + 
8
 = 30
